[packdigital.click/material-decargable-capcut.html]
[backblue.gif]
[fade.gif]
[index.html]
[packdigital.click/wp-content/themes/astra/assets/css/minified/main.min3a05.css]
[packdigital.click/material-decargable-capcut/index.html]
[packdigital.click/wp-content/plugins/wpfunnels/includes/core/widgets/block/assets/dist/wpfnl-blocks-styleb95e.css]
[packdigital.click/wp-content/plugins/elementor/assets/lib/eicons/css/elementor-icons.min50c3.css]
[packdigital.click/wp-content/plugins/elementor/assets/css/frontend-lite.min225e.css]
[packdigital.click/wp-content/plugins/elementor/assets/lib/swiper/v8/css/swiper.min94a4.css]
[packdigital.click/wp-content/uploads/elementor/css/post-1965037.css]
[packdigital.click/wp-content/plugins/elementor-pro/assets/css/frontend-lite.min6b60.css]
[packdigital.click/feed/index.html]
[packdigital.click/wp-content/uploads/elementor/css/global7ff2.css]
[packdigital.click/comments/feed/index.html]
[packdigital.click/wp-content/uploads/elementor/css/post-11367189.css]
[packdigital.click/wp-content/plugins/essential-addons-for-elementor-lite/assets/front-end/css/view/general.min4dc9.css]
[packdigital.click/wp-content/plugins/wpfunnels-pro/public/assets/css/wpfnl-pro-public055b.css]
[packdigital.click/wp-content/plugins/elementor/assets/lib/font-awesome/css/fontawesome.min52d5.css]
[packdigital.click/wp-content/plugins/elementor/assets/lib/font-awesome/css/regular.min52d5.css]
[packdigital.click/wp-includes/js/jquery/jquery.minf43b.js]
[packdigital.click/wp-includes/js/jquery/jquery-migrate.min5589.js]
[packdigital.click/wp-content/plugins/pixelyoursite-pro/dist/scripts/js.cookie-2.1.3.min4c71.js]
[packdigital.click/wp-content/plugins/pixelyoursite-pro/dist/scripts/jquery.bind-first-0.2.3.mine63c.js]
[packdigital.click/wp-content/plugins/pixelyoursite-pro/dist/scripts/vimeo.mine63c.js]
[packdigital.click/wp-content/plugins/pixelyoursite-pro/dist/scripts/public3752.js]
[packdigital.click/wp-json/wp/v2/pages/1136.json]
[packdigital.click/wp-json/index.html]
[packdigital.click/wp-content/uploads/2023/01/cropped-325969969_774069150966747_6968023406538767248_n-32x32.jpg]
[packdigital.click/wp-content/uploads/2023/01/cropped-325969969_774069150966747_6968023406538767248_n-192x192.jpg]
[packdigital.click/wp-content/uploads/2023/01/cropped-325969969_774069150966747_6968023406538767248_n-180x180.jpg]
[packdigital.click/wp-content/uploads/2023/01/cropped-325969969_774069150966747_6968023406538767248_n-270x270.jpg]
[packdigital.click/wp-content/uploads/2024/04/434481293_1373167990051540_3075213509791517191_n.jpg]
[packdigital.click/wp-content/uploads/2024/04/cursos-de-facebook-ads-1-1024x1024.png]
[packdigital.click/wp-content/uploads/2024/04/cursos-de-facebook-ads-1024x1024.png]
[packdigital.click/wp-content/uploads/2024/04/cursos-de-facebook-ads-3-1024x1024.png]
[packdigital.click/wp-content/uploads/2023/12/photo_2023-12-05_11-13-38-1024x1024.jpg]
[packdigital.click/cuenta-educativa/index.html]
[packdigital.click/wp-content/plugins/elementor/assets/lib/animations/animations.min225e.css]
[packdigital.click/wp-content/themes/astra/assets/js/minified/frontend.min3a05.js]
[packdigital.click/wp-content/plugins/wpfunnels/vendor/philipnewcomer/wp-ajax-helper/assets/js/wp-ajax-helper.js]
[packdigital.click/index.html]
[packdigital.click/wp-content/plugins/essential-addons-for-elementor-lite/assets/front-end/js/view/general.min4dc9.js]
[packdigital.click/wp-content/plugins/wpfunnels-pro/public/assets/js/wpfnl-pro-public055b.js]
[packdigital.click/wp-content/plugins/elementor-pro/assets/js/webpack-pro.runtime.min6b60.js]
[packdigital.click/wp-content/plugins/elementor/assets/js/webpack.runtime.min225e.js]
[packdigital.click/wp-content/plugins/elementor/assets/js/frontend-modules.min225e.js]
[packdigital.click/wp-includes/js/dist/vendor/wp-polyfill-inert.min0226.js]
[packdigital.click/wp-includes/js/dist/vendor/regenerator-runtime.min6c85.js]
[packdigital.click/wp-includes/js/dist/vendor/wp-polyfill.min2c7c.js]
[packdigital.click/wp-includes/js/dist/hooks.min2757.js]
[packdigital.click/wp-includes/js/dist/i18n.minc33c.js]
[packdigital.click/wp-content/plugins/elementor-pro/assets/js/frontend.min6b60.js]
[packdigital.click/wp-content/plugins/elementor/assets/lib/waypoints/waypoints.min05da.js]
[packdigital.click/wp-includes/js/jquery/ui/core.min3f14.js]
[packdigital.click/wp-content/plugins/elementor/assets/js/frontend.min225e.js]
[packdigital.click/material-decargable-capcut.html]
[packdigital.click/material-decargable-capcut/index.html]
[packdigital.click/wp-content/themes/astra/assets/css/minified/main.min3a05.css]
[packdigital.click/wp-content/plugins/wpfunnels/includes/core/widgets/block/assets/dist/wpfnl-blocks-styleb95e.css]
[packdigital.click/wp-content/plugins/wpfunnels-pro/includes/core/widgets/block/assets/dist/wpfnl-blocks-style8a54.css]
[packdigital.click/wp-content/plugins/elementor-pro/assets/js/elements-handlers.min6b60.js]
[packdigital.click/wp-content/plugins/elementor/assets/lib/eicons/fonts/eiconsb39f.eot]
[packdigital.click/wp-content/plugins/elementor/assets/lib/eicons/fonts/eiconsb39f.woff2]
[packdigital.click/wp-content/plugins/elementor/assets/lib/eicons/fonts/eiconsb39f.woff]
[packdigital.click/wp-content/plugins/elementor/assets/lib/eicons/fonts/eiconsb39f.ttf]
[packdigital.click/wp-content/plugins/elementor/assets/lib/eicons/css/elementor-icons.min50c3.css]
[packdigital.click/wp-content/plugins/elementor/assets/css/frontend-lite.min225e.css]
[packdigital.click/wp-content/plugins/elementor/assets/lib/swiper/v8/css/swiper.min94a4.css]
[packdigital.click/wp-content/uploads/elementor/css/post-1965037.css]
[packdigital.click/wp-content/plugins/elementor-pro/assets/css/frontend-lite.min6b60.css]
[packdigital.click/wp-content/uploads/elementor/css/global7ff2.css]
[packdigital.click/wp-content/uploads/elementor/css/post-11367189.css]
[packdigital.click/wp-content/plugins/essential-addons-for-elementor-lite/assets/front-end/css/view/general.min4dc9.css]
[packdigital.click/wp-content/plugins/wpfunnels-pro/public/assets/css/wpfnl-pro-public055b.css]
[packdigital.click/wp-content/plugins/elementor/assets/lib/font-awesome/css/fontawesome.min52d5.css]
[packdigital.click/wp-content/plugins/elementor/assets/lib/eicons/fonts/eiconsb39f.svg]
[packdigital.click/wp-content/plugins/elementor/assets/lib/font-awesome/webfonts/fa-regular-400d41d.eot]
[packdigital.click/wp-content/plugins/elementor/assets/lib/font-awesome/webfonts/fa-regular-400.woff2]
[packdigital.click/wp-content/plugins/elementor/assets/lib/font-awesome/webfonts/fa-regular-400.woff]
[packdigital.click/wp-content/plugins/elementor/assets/lib/font-awesome/webfonts/fa-regular-400.ttf]
[packdigital.click/wp-content/plugins/elementor/assets/lib/font-awesome/css/regular.min52d5.css]
[packdigital.click/index7fbc.html]
[packdigital.click/wp-content/plugins/elementor/assets/lib/font-awesome/webfonts/fa-regular-400.svg]
[packdigital.click/wp-content/uploads/elementor/css/post-8964166.css]
[packdigital.click/wp-content/plugins/elementor/assets/lib/font-awesome/css/solid.min52d5.css]
[packdigital.click/wp-json/oembed/1.0/embed32fd]
[packdigital.click/wp-json/wp/v2/pages/896.json]
[packdigital.click/wp-json/oembed/1.0/embed608b.json]
[packdigital.click/wp-json/oembed/1.0/embedcacd]
[packdigital.click/wp-content/uploads/2023/12/MEGA-PACK-CANVA-EDU.png]
[packdigital.click/cuenta-educativa/index.html]
[packdigital.click/wp-content/plugins/elementor/assets/lib/animations/animations.min225e.css]
[packdigital.click/wp-includes/css/dist/block-library/style.mine63c.css]
[packdigital.click/index.html]
[packdigital.click/wp-content/plugins/elementor/assets/lib/eicons/fonts/eiconsb39f.svg]
[connect.facebook.net/en_US/fbevents.js]
[packdigital.click/canva-pro-e/index.html]
[packdigital.click/canva-pro/index.html]
[packdigital.click/canva-pro-2024-js/index.html]
[packdigital.click/canva-pro-2024/index.html]
[packdigital.click/wp-content/plugins/elementor/assets/lib/font-awesome/webfonts/fa-regular-400.svg]
[packdigital.click/canva-pro-w/index.html]
[packdigital.click/canva-pro-w2/index.html]
[packdigital.click/canva-pro-2/index.html]
[packdigital.click/wp-content/uploads/elementor/css/post-8964166.css]
[packdigital.click/hamburguesa-master/index.html]
[packdigital.click/entrega-de-material-descargable/index.html]
[packdigital.click/material-decargable-wordpress/index.html]
[packdigital.click/material-decargable-canvapro-y-wordpress/index.html]
[packdigital.click/pack-capcut/index.html]
[packdigital.click/wp-content/plugins/elementor/assets/lib/font-awesome/webfonts/fa-solid-900.eot]
[packdigital.click/wp-content/plugins/elementor/assets/lib/font-awesome/webfonts/fa-solid-900d41d.eot]
[packdigital.click/wp-content/plugins/elementor/assets/lib/font-awesome/webfonts/fa-solid-900.woff2]
[packdigital.click/pack-cursos/index.html]
[packdigital.click/wp-content/plugins/elementor/assets/lib/font-awesome/webfonts/fa-solid-900.ttf]
[packdigital.click/pack-wordpress-y-canva/index.html]
[packdigital.click/pack-frituras/index.html]
[packdigital.click/wp-content/plugins/elementor/assets/lib/font-awesome/css/solid.min52d5.css]
[packdigital.click/pack-wordpress/index.html]
[packdigital.click/welcome-to-cloudways/index.html]
[packdigital.click/indexa290.html]
[packdigital.click/prueba/index.html]
[packdigital.click/pack-wordpress-oferta-2024/index.html]
[packdigital.click/wp-content/plugins/elementor/assets/lib/font-awesome/webfonts/fa-solid-900.svg]
[packdigital.click/author/raul/index.html]
[packdigital.click/wp-includes/css/dist/block-library/style.mine63c.css]
[packdigital.click/category/uncategorized/index.html]
[packdigital.click/wp-content/plugins/elementor/assets/lib/font-awesome/webfonts/fa-regular-400.eot]
[packdigital.click/wp-json/oembed/1.0/embedeb78]
[packdigital.click/a]
[packdigital.click/POST]
[packdigital.click/b.resolvedLink]
[packdigital.click/schema.org/index.html]
[packdigital.click/signals/iwl.js]
[connect.facebook.net/en_US/fbevents.js]
[packdigital.click/wp-content/uploads/elementor/css/post-2231f9a.css]
[packdigital.click/wp-content/plugins/elementor/assets/lib/font-awesome/css/brands.min52d5.css]
[packdigital.click/wp-json/wp/v2/pages/223.json]
[packdigital.click/wp-json/oembed/1.0/embed9532.json]
[packdigital.click/wp-json/oembed/1.0/embedd3a8]
[packdigital.click/wp-content/uploads/2023/07/Diseno-sin-titulo-1.gif]
[packdigital.click/wp-content/uploads/2023/07/keb5qyeteetji3vvnjwk.webp]
[packdigital.click/wp-content/plugins/elementor/assets/css/widget-icon-list.min.css]
[packdigital.click/wp-content/uploads/2023/07/Diseno-sin-titulo-1-1-1024x683.png]
[packdigital.click/wp-content/uploads/2023/07/Diseno-sin-titulo-12-1.png]
[packdigital.click/wp-content/uploads/2023/07/Diseno-sin-titulo-2-768x1152-1-683x1024.png]
[packdigital.click/wp-content/uploads/2023/07/Diseno-sin-titulo-4-1-768x1152-1-683x1024.png]
[packdigital.click/wp-content/uploads/2023/07/Diseno-sin-titulo-3-768x1152-1-683x1024.png]
[packdigital.click/wp-content/uploads/2023/07/garantia7.png]
[packdigital.click/wp-content/uploads/2023/07/Diseno-sin-titulo-5-1-1024x683.png]
[packdigital.click/wp-content/uploads/2023/07/tele.png]
[packdigital.click/wp-content/uploads/2023/07/clock.png]
[packdigital.click/wp-content/uploads/2023/07/att.png]
[packdigital.click/wp-content/uploads/2023/07/edit.png]
[packdigital.click/wp-content/uploads/2023/07/plus.png]
[packdigital.click/wp-content/uploads/2023/07/video.png]
[packdigital.click/wp-content/uploads/2023/01/photo_2022-11-22_15-51-44.jpg]
[packdigital.click/wp-content/uploads/2023/01/photo_2022-11-22_15-51-48.jpg]
[packdigital.click/wp-content/uploads/2023/01/photo_2022-11-22_16-07-52.jpg]
[packdigital.click/wp-content/uploads/2023/01/photo_2022-11-22_16-07-56.jpg]
[packdigital.click/wp-content/uploads/2023/01/photo_2023-01-22_11-04-28-576x1280.jpg]
[packdigital.click/wp-content/uploads/2023/01/photo_2023-01-22_11-04-34-576x1280.jpg]
[packdigital.click/wp-content/uploads/2023/01/photo_2023-01-22_11-04-39-576x1280.jpg]
[packdigital.click/wp-content/uploads/2023/07/n1ixozitmrg7bsby9lc7-1024x173-1.webp]
[packdigital.click/wp-content/plugins/ml-slider/assets/sliders/flexslider/flexsliderf117.css]
[packdigital.click/wp-content/plugins/ml-slider/assets/metaslider/publicf117.css]
[packdigital.click/wp-content/plugins/elementor/assets/lib/jquery-numerator/jquery-numerator.min3958.js]
[packdigital.click/canva-pro-e/index.html]
[packdigital.click/wp-content/plugins/ml-slider/assets/sliders/flexslider/jquery.flexslider.minf117.js]
[packdigital.click/wp-content/plugins/op-builder/public/assets/css/op3-reboote63c.css]
[packdigital.click/wp-content/plugins/op-builder/public/assets/cache/page-1394379.css]
[packdigital.click/wp-json/wp/v2/pages/139.json]
[packdigital.click/wp-json/oembed/1.0/embed8213.json]
[packdigital.click/wp-json/oembed/1.0/embedcf19]
[packdigital.click/wp-content/plugins/op-builder/public/assets/cache/page-13979df.svg]
[packdigital.click/wp-content/uploads/2024/03/2-1.jpg]
[packdigital.click/wp-content/uploads/2023/01/diseno-sin-titulo-4.png]
[packdigital.click/wp-content/uploads/2024/03/Negro-Rojo-Elegante-y-Profesional-Basico-Simple-Presentacion.jpg]
[packdigital.click/wp-content/uploads/2023/07/photo_2023-07-05_06-32-33.jpg]
[packdigital.click/wp-content/uploads/2023/01/sello-garantia-100x100-satisfaccion.png]
[packdigital.click/canva-pro/index.html]
[packdigital.click/wp-content/plugins/op-builder/public/assets/cache/page-1394379.js]
[packdigital.click/wp-content/plugins/op-builder/public/assets/cache/page-98921a8.css]
[packdigital.click/wp-json/wp/v2/pages/989.json]
[packdigital.click/wp-json/oembed/1.0/embedb071.json]
[packdigital.click/wp-json/oembed/1.0/embed5c16]
[packdigital.click/wp-content/plugins/op-builder/public/assets/cache/page-98950ff.svg]
[packdigital.click/canva-pro-2024-js/index.html]
[packdigital.click/wp-content/plugins/op-builder/public/assets/cache/page-98921a8.js]
[packdigital.click/wp-content/plugins/op-builder/public/assets/cache/page-996a2af.css]
[packdigital.click/wp-json/wp/v2/pages/996.json]
[packdigital.click/wp-json/oembed/1.0/embedbd5d.json]
[packdigital.click/wp-json/oembed/1.0/embeda5f3]
[packdigital.click/wp-content/plugins/op-builder/public/assets/cache/page-9968760.svg]
[packdigital.click/canva-pro-2024/index.html]
[packdigital.click/wp-content/plugins/op-builder/public/assets/cache/page-996a2af.js]
[packdigital.click/wp-content/plugins/op-builder/public/assets/cache/page-6592dca.css]
[packdigital.click/wp-json/wp/v2/pages/659.json]
[packdigital.click/wp-json/oembed/1.0/embedfff9.json]
[packdigital.click/wp-json/oembed/1.0/embedb942]
[packdigital.click/wp-content/plugins/op-builder/public/assets/cache/page-659d239.svg]
[packdigital.click/wp-content/uploads/2023/01/PACK-CANVA-PRO-2023.jpg]
[packdigital.click/wp-content/uploads/2023/01/pack-canva-pro-2023-1.jpg]
[packdigital.click/wp-content/uploads/2023/01/diseno-sin-titulo.png]
[packdigital.click/canva-pro-2/index.html]
[packdigital.click/wp-content/plugins/op-builder/public/assets/cache/page-6592dca.js]
[packdigital.click/wp-content/plugins/op-builder/public/assets/cache/page-145931f.css]
[packdigital.click/wp-json/wp/v2/pages/145.json]
[packdigital.click/wp-json/oembed/1.0/embed28d5.json]
[packdigital.click/wp-json/oembed/1.0/embed3f0c]
[packdigital.click/wp-content/plugins/op-builder/public/assets/cache/page-145b716.svg]
[packdigital.click/wp-content/uploads/2023/07/qiuuo8frnhwy5di0zknw.webp]
[packdigital.click/wp-content/uploads/2023/01/logos-01.png]
[packdigital.click/wp-content/uploads/2023/07/o5jfva9nss3ryrwhkf1f.png]
[packdigital.click/wp-content/uploads/2023/07/llncbctryinckajrlzih.webp]
[packdigital.click/wp-content/uploads/2023/01/sello-garantia-100x100-satisfaccion-1-1.png]
[packdigital.click/canva-pro-w/index.html]
[packdigital.click/wp-content/plugins/op-builder/public/assets/cache/page-145931f.js]
[packdigital.click/wp-content/plugins/op-builder/public/assets/cache/page-6541f5a.css]
[packdigital.click/wp-json/wp/v2/pages/654.json]
[packdigital.click/wp-json/oembed/1.0/embed03e6.json]
[packdigital.click/wp-json/oembed/1.0/embed43a1]
[packdigital.click/wp-content/plugins/op-builder/public/assets/cache/page-654d339.svg]
[packdigital.click/wp-content/uploads/2023/07/Diseno-sin-titulo-5-1.png]
[packdigital.click/canva-pro-w2/index.html]
[packdigital.click/wp-content/plugins/op-builder/public/assets/cache/page-6541f5a.js]
[packdigital.click/wp-content/uploads/elementor/css/post-83331cf.css]
[packdigital.click/wp-json/wp/v2/pages/833.json]
[packdigital.click/wp-json/oembed/1.0/embed3397.json]
[packdigital.click/wp-json/oembed/1.0/embed73a3]
[packdigital.click/wp-content/uploads/2023/10/imagen-fondo-principal-1024x576.png]
[packdigital.click/wp-content/uploads/2024/01/1.png]
[packdigital.click/wp-content/uploads/2023/10/pro-3.png]
[packdigital.click/wp-content/uploads/2023/10/pro-2.jpg]
[packdigital.click/wp-content/uploads/2023/10/pro-3.jpg]
[packdigital.click/wp-content/uploads/2023/10/pro-4.jpg]
[packdigital.click/wp-content/uploads/2023/10/pro-5.jpg]
[packdigital.click/wp-content/uploads/2023/10/pro-6.jpg]
[packdigital.click/wp-content/uploads/2023/10/pro.gif]
[packdigital.click/entrega-de-material-descargable/index.html]
[packdigital.click/wp-content/plugins/op-builder/public/assets/cache/page-11dccf.css]
[packdigital.click/wp-json/wp/v2/pages/11.json]
[packdigital.click/wp-json/oembed/1.0/embedff1f.json]
[packdigital.click/wp-json/oembed/1.0/embed1242]
[packdigital.click/wp-content/plugins/op-builder/public/assets/cache/page-1129de.svg]
[packdigital.click/wp-content/uploads/2023/01/gxqf0v05ruilctom8yrb.jpg]
[packdigital.click/wp-content/uploads/2023/01/md6wqbdbrq9ghyf439rb.webp]
[packdigital.click/wp-content/uploads/2023/01/jeanonpnbijkuyrexlfr.webp]
[packdigital.click/wp-content/uploads/2023/01/jsdvefxvgrcxw1jnwumg.webp]
[packdigital.click/wp-content/uploads/2023/01/therfmk0asvdzi3cylrc.webp]
[packdigital.click/wp-content/uploads/2023/01/Diseno-sin-titulo-3.png]
[packdigital.click/hamburguesa-master/index.html]
[packdigital.click/wp-content/plugins/op-builder/public/assets/cache/page-11dccf.js]
[packdigital.click/wp-json/wp/v2/pages/1045.json]
[packdigital.click/wp-json/oembed/1.0/embed93f4.json]
[packdigital.click/wp-json/oembed/1.0/embeddbe5]
[packdigital.click/wp-content/uploads/2024/04/Blue-And-White-Modern-Responsive-Website-Development-Services-Instagram-Post-1-1024x1024.png]
[packdigital.click/wp-content/uploads/2024/04/Blue-And-White-Modern-Responsive-Website-Development-Services-Instagram-Post-2-1024x1024.png]
[packdigital.click/wp-content/uploads/2024/04/Blue-And-White-Modern-Responsive-Website-Development-Services-Instagram-Post-1024x1024.png]
[packdigital.click/wp-content/uploads/2024/04/Blue-And-White-Modern-Responsive-Website-Development-Services-Instagram-Post-1024x1024.jpg]
[packdigital.click/material-decargable-canvapro-y-wordpress/index.html]
[packdigital.click/wp-content/uploads/elementor/css/post-11272cc7.css]
[packdigital.click/wp-json/wp/v2/pages/1127.json]
[packdigital.click/wp-json/oembed/1.0/embedcfd7.json]
[packdigital.click/wp-json/oembed/1.0/embed071b]
[packdigital.click/material-decargable-wordpress/index.html]
[packdigital.click/wp-content/plugins/op-builder/public/assets/cache/page-11646994.css]
[packdigital.click/wp-json/wp/v2/pages/1164.json]
[packdigital.click/wp-json/oembed/1.0/embed6ed0.json]
[packdigital.click/wp-json/oembed/1.0/embed10fc]
[packdigital.click/wp-content/plugins/op-builder/public/assets/cache/page-116414c4.svg]
[packdigital.click/wp-content/uploads/2024/04/Historia-de-instagram-black-friday-celulares-moderno-negro.jpg]
[packdigital.click/wp-content/uploads/2024/04/Historia-de-instagram-black-friday-celulares-moderno-negro.png]
[packdigital.click/pack-capcut/index.html]
[packdigital.click/wp-content/plugins/op-builder/public/assets/cache/page-11646994.js]
[packdigital.click/wp-content/uploads/2023/01/women2-1280-opdb-op6026f9d213d581-38179277.jpg]
[packdigital.click/wp-content/uploads/2023/01/super-pack-de-cursos-2.jpg]
[packdigital.click/wp-content/plugins/op-builder/public/assets/cache/page-81614e.css]
[packdigital.click/wp-json/wp/v2/pages/81.json]
[packdigital.click/wp-json/oembed/1.0/embed532a.json]
[packdigital.click/wp-json/oembed/1.0/embed614c]
[packdigital.click/wp-content/plugins/op-builder/public/assets/cache/page-811b8e.svg]
[packdigital.click/wp-content/uploads/2023/01/super-pack-de-cursos-2-1.jpg]
[packdigital.click/wp-content/uploads/2023/01/tlnmzow-1-768x191-1-1-opdb-op6026f9d213d581-38179277.png]
[packdigital.click/pack-cursos/index.html]
[packdigital.click/wp-content/plugins/op-builder/public/assets/cache/page-81614e.js]
[packdigital.click/wp-content/plugins/op-builder/public/assets/cache/page-97b7d9.css]
[packdigital.click/wp-json/wp/v2/pages/97.json]
[packdigital.click/wp-json/oembed/1.0/embed2682.json]
[packdigital.click/wp-json/oembed/1.0/embedad87]
[packdigital.click/wp-content/plugins/op-builder/public/assets/cache/page-971d66.svg]
[packdigital.click/wp-content/uploads/2023/01/Diseno-sin-titulo-1-2.png]
[packdigital.click/wp-content/uploads/2023/01/Diseno-sin-titulo-5.png]
[packdigital.click/wp-content/uploads/2023/01/Diseno-sin-titulo-1.jpg]
[packdigital.click/wp-content/uploads/2023/01/diseno-sin-titulo-4-1.png]
[packdigital.click/wp-content/uploads/2023/01/1.png]
[packdigital.click/wp-content/uploads/2023/01/2.png]
[packdigital.click/wp-content/uploads/2023/01/4.png]
[packdigital.click/wp-content/uploads/2023/01/7.png]
[packdigital.click/wp-content/uploads/2023/01/Diseno-sin-titulo-2-1.png]
[packdigital.click/wp-content/uploads/2023/01/diseno-sin-titulo-3-1.png]
[packdigital.click/wp-content/uploads/2023/01/sello-garantia-100x100-satisfaccion-1.png]
[packdigital.click/pack-frituras/index.html]
[packdigital.click/wp-content/plugins/op-builder/public/assets/cache/page-97b7d9.js]
[packdigital.click/wp-content/plugins/op-builder/public/assets/cache/page-158967a.css]
[packdigital.click/wp-json/wp/v2/pages/158.json]
[packdigital.click/wp-json/oembed/1.0/embedb267.json]
[packdigital.click/wp-json/oembed/1.0/embed2db8]
[packdigital.click/wp-content/plugins/op-builder/public/assets/cache/page-15893de.svg]
[packdigital.click/wp-content/uploads/2023/08/Sin-titulo-1200-×-800-px.png]
[packdigital.click/wp-content/uploads/2023/08/3.png]
[packdigital.click/pack-wordpress/index.html]
[packdigital.click/wp-content/plugins/op-builder/public/assets/cache/page-158967a.js]
[packdigital.click/wp-content/plugins/op-builder/public/assets/cache/page-111749be.css]
[packdigital.click/wp-json/wp/v2/pages/1117.json]
[packdigital.click/wp-json/oembed/1.0/embed9914.json]
[packdigital.click/wp-json/oembed/1.0/embed289b]
[packdigital.click/wp-content/plugins/op-builder/public/assets/cache/page-11174b85.svg]
[packdigital.click/pack-wordpress-oferta-2024/index.html]
[packdigital.click/wp-content/plugins/op-builder/public/assets/cache/page-111749be.js]
[packdigital.click/wp-content/plugins/op-builder/public/assets/cache/page-1025a1ce.css]
[packdigital.click/wp-json/wp/v2/pages/1025.json]
[packdigital.click/wp-json/oembed/1.0/embed1ead.json]
[packdigital.click/wp-json/oembed/1.0/embeda7c8]
[packdigital.click/wp-content/plugins/op-builder/public/assets/cache/page-102532e3.svg]
[packdigital.click/wp-content/uploads/2024/04/PACK-CANVA-PRO-2024-2.png]
[packdigital.click/pack-wordpress-y-canva/index.html]
[packdigital.click/wp-content/plugins/op-builder/public/assets/cache/page-1025a1ce.js]
[packdigital.click/wp-json/wp/v2/pages/614.json]
[packdigital.click/wp-json/oembed/1.0/embed679d.json]
[packdigital.click/wp-json/oembed/1.0/embed9206]
[packdigital.click/prueba/index.html]
[packdigital.click/wp-json/wp/v2/posts/4.json]
[packdigital.click/welcome-to-cloudways/feed/index.html]
[packdigital.click/wp-json/oembed/1.0/embedf80e.html]
[packdigital.click/welcome-to-cloudways/index.html]
[packdigital.click/category/uncategorized/index.html]
[packdigital.click/author/raul/index.html]
[packdigital.click/xmlrpc0db0.php]
[packdigital.click/wp-content/plugins/elementor/assets/lib/font-awesome/webfonts/fa-solid-900.svg]
[packdigital.click/a.html]
[packdigital.click/POST.html]
[packdigital.click/schema.org/index.html]
[packdigital.click/b.html]
[packdigital.click/signals/iwl.html]
[packdigital.click/wp-content/uploads/elementor/css/post-2231f9a.css]
[packdigital.click/wp-content/plugins/elementor/assets/lib/font-awesome/css/brands.min52d5.css]
[packdigital.click/indexd027.html]
[packdigital.click/wp-content/plugins/elementor/assets/css/widget-icon-list.min.css]
[packdigital.click/wp-content/plugins/ml-slider/assets/sliders/flexslider/flexsliderf117.css]
[packdigital.click/wp-content/plugins/ml-slider/assets/metaslider/publicf117.css]
[packdigital.click/wp-content/plugins/op-builder/public/assets/css/op3-reboote63c.css]
[packdigital.click/wp-content/plugins/op-builder/public/assets/cache/page-1394379.css]
[packdigital.click/indexb4d2.html]
[packdigital.click/wp-content/plugins/op-builder/public/assets/cache/page-13979df.svg]
[packdigital.click/wp-content/plugins/op-builder/public/assets/cache/page-98921a8.css]
[packdigital.click/index6dad.html]
[packdigital.click/wp-content/plugins/op-builder/public/assets/cache/page-98950ff.svg]
[packdigital.click/wp-content/plugins/op-builder/public/assets/cache/page-996a2af.css]
[packdigital.click/index3fd6.html]
[packdigital.click/wp-content/plugins/op-builder/public/assets/cache/page-9968760.svg]
[packdigital.click/wp-content/plugins/op-builder/public/assets/cache/page-6592dca.css]
[packdigital.click/wp-content/plugins/op-builder/public/assets/cache/page-659d239.svg]
[packdigital.click/wp-content/plugins/op-builder/public/assets/cache/page-145931f.css]
[packdigital.click/indexbe3b.html]
[packdigital.click/wp-content/plugins/op-builder/public/assets/cache/page-145b716.svg]
[packdigital.click/wp-content/plugins/op-builder/public/assets/cache/page-6541f5a.css]
[packdigital.click/indexa818.html]
[packdigital.click/wp-content/plugins/op-builder/public/assets/cache/page-654d339.svg]
[packdigital.click/wp-content/uploads/elementor/css/post-83331cf.css]
[packdigital.click/index6fdb.html]
[packdigital.click/wp-content/plugins/op-builder/public/assets/cache/page-11dccf.css]
[packdigital.click/index5757.html]
[packdigital.click/wp-content/plugins/op-builder/public/assets/cache/page-1129de.svg]
[packdigital.click/index44b6.html]
[packdigital.click/wp-content/uploads/elementor/css/post-11272cc7.css]
[packdigital.click/indexe4eb.html]
[packdigital.click/wp-content/plugins/op-builder/public/assets/cache/page-11646994.css]
[packdigital.click/indexa873.html]
[packdigital.click/wp-content/plugins/op-builder/public/assets/cache/page-116414c4.svg]
[packdigital.click/wp-content/plugins/op-builder/public/assets/cache/page-81614e.css]
[packdigital.click/index44d0.html]
[packdigital.click/wp-content/plugins/op-builder/public/assets/cache/page-811b8e.svg]
[packdigital.click/wp-content/plugins/op-builder/public/assets/cache/page-97b7d9.css]
[packdigital.click/indexb190.html]
[packdigital.click/wp-content/plugins/op-builder/public/assets/cache/page-971d66.svg]
[packdigital.click/wp-content/plugins/op-builder/public/assets/cache/page-158967a.css]
[packdigital.click/index8af0.html]
[packdigital.click/wp-content/plugins/op-builder/public/assets/cache/page-15893de.svg]
[packdigital.click/wp-content/plugins/op-builder/public/assets/cache/page-111749be.css]
[packdigital.click/index9e99.html]
[packdigital.click/wp-content/plugins/op-builder/public/assets/cache/page-11174b85.svg]
[packdigital.click/wp-content/plugins/op-builder/public/assets/cache/page-1025a1ce.css]
[packdigital.click/index0c42.html]
[packdigital.click/wp-content/plugins/op-builder/public/assets/cache/page-102532e3.svg]
[packdigital.click/index08c1.html]
[packdigital.click/index5c7e.html]
[packdigital.click/wp-content/plugins/elementor/assets/lib/font-awesome/webfonts/fa-solid-900.woff]
[packdigital.click/wp-content/uploads/2023/01/photo_2022-11-22_15-51-51.jpg]
[packdigital.click/wp-content/uploads/2023/01/photo_2022-11-22_16-07-45.jpg]
[packdigital.click/wp-content/uploads/2023/01/photo_2022-11-22_16-07-48.jpg]
[packdigital.click/index2553.html]
[packdigital.click/wp-content/uploads/2023/07/n1ixozitmrg7bsby9lc7-1024x173-1-1.webp]
[packdigital.click/wp-content/uploads/2023/10/pro-2.png]
[packdigital.click/wp-content/uploads/elementor/css/post-1045b156.css]
[packdigital.click/wp-content/uploads/2024/04/Blue-And-White-Modern-Responsive-Website-Development-Services-Instagram-Post-3-1024x1024.png]
[packdigital.click/wp-content/uploads/2023/08/2.png]
